version https://git-lfs.github.com/spec/v1
oid sha256:aa4d6df1f4248120df9c0d5474711f094d126f4b5b1c4c1d13db52dc017f2c7f
size 580
