version https://git-lfs.github.com/spec/v1
oid sha256:29a209a28c136f229ed1ece6a46637a3661c3d63f9c99af04f4225ee98098cd0
size 677
