version https://git-lfs.github.com/spec/v1
oid sha256:9048542b475298359e35236e78db56909c6bd1b102feb920f42a9a2f4abd5db6
size 684
