version https://git-lfs.github.com/spec/v1
oid sha256:86156cfadc6c82f4237f8a538e7195d8ac660d9c3f495ce7a5ca602894e64cc8
size 679
