version https://git-lfs.github.com/spec/v1
oid sha256:3dc529d8e26ba200af5077583e9bab6870fc655966697b78db3290148a58d5c9
size 576
