version https://git-lfs.github.com/spec/v1
oid sha256:cb94e2738693823291b70027ddff3eef2bcffc19e68ee0676f2763d5bb69ce23
size 675
