version https://git-lfs.github.com/spec/v1
oid sha256:43c523989048ee759091e53a08abec145f54809c37851da32ffcb9906831a3be
size 679
