version https://git-lfs.github.com/spec/v1
oid sha256:5b18dcd3b5cf9d79ae3d1d55c29751ef22de45f374484265beec54141601e005
size 582
